// Jest Snapshot v1, https://goo.gl/fbAQLP

exports[`Card UI Styles: idle 1`] = `
"<timer-bar-card hass=\\"[object Object]\\">
  <ha-card outlined=\\"false\\">
    <slot></slot>
    <div class=\\"card-content\\">
      <timer-bar-entity-row config=\\"[object Object]\\" hass=\\"[object Object]\\">
        <hui-generic-entity-row config=\\"[object Object]\\" no-secondary=\\"\\">
          <state-badge _showIcon=\\"true\\" class=\\"pointer\\" stateObj=\\"[object Object]\\" tabindex=\\"0\\">
            <ha-icon data-state=\\"idle\\" icon=\\"hass:timer-outline\\">…</ha-icon>
          </state-badge>
          <div class=\\"info pointer text-content\\">
            test2
          </div>
          <slot></slot>
          <div class=\\"text-content\\">
            Idle
          </div>
        </hui-generic-entity-row>
      </timer-bar-entity-row>
      <timer-bar-entity-row config=\\"[object Object]\\" hass=\\"[object Object]\\">
        <hui-generic-entity-row config=\\"[object Object]\\" no-secondary=\\"\\">
          <state-badge _showIcon=\\"true\\" class=\\"pointer\\" stateObj=\\"[object Object]\\" tabindex=\\"0\\">
            <ha-icon data-state=\\"idle\\" icon=\\"hass:timer-outline\\">…</ha-icon>
          </state-badge>
          <div class=\\"info pointer text-content\\">
            test3
          </div>
          <slot></slot>
          <div class=\\"text-content\\">
            Idle
          </div>
        </hui-generic-entity-row>
      </timer-bar-entity-row>
    </div>
  </ha-card>
</timer-bar-card>
"
`;

exports[`Card UI Styles: paused 1`] = `
"<timer-bar-card hass=\\"[object Object]\\">
  <ha-card outlined=\\"false\\">
    <slot></slot>
    <div class=\\"card-content\\">
      <timer-bar-entity-row config=\\"[object Object]\\" hass=\\"[object Object]\\">
        <hui-generic-entity-row config=\\"[object Object]\\" no-secondary=\\"\\">
          <state-badge _showIcon=\\"true\\" class=\\"pointer\\" stateObj=\\"[object Object]\\" tabindex=\\"0\\">
            <ha-icon data-state=\\"paused\\" icon=\\"hass:timer-outline\\">…</ha-icon>
          </state-badge>
          <div class=\\"info pointer text-content\\">
            test2
          </div>
          <slot></slot>
          <div class=\\"status\\">
            Paused
          </div>
          <div class=\\"text-content\\">
            1:58
          </div>
        </hui-generic-entity-row>
      </timer-bar-entity-row>
      <timer-bar-entity-row config=\\"[object Object]\\" hass=\\"[object Object]\\">
        <hui-generic-entity-row config=\\"[object Object]\\" no-secondary=\\"\\">
          <state-badge _showIcon=\\"true\\" class=\\"pointer\\" stateObj=\\"[object Object]\\" tabindex=\\"0\\">
            <ha-icon data-state=\\"idle\\" icon=\\"hass:timer-outline\\">…</ha-icon>
          </state-badge>
          <div class=\\"info pointer text-content\\">
            test3
          </div>
          <slot></slot>
          <div class=\\"text-content\\">
            Idle
          </div>
        </hui-generic-entity-row>
      </timer-bar-entity-row>
    </div>
  </ha-card>
</timer-bar-card>
"
`;

exports[`Card UI Styles: running 1`] = `
"<timer-bar-card hass=\\"[object Object]\\">
  <ha-card outlined=\\"false\\">
    <slot></slot>
    <div class=\\"card-content\\">
      <timer-bar-entity-row config=\\"[object Object]\\" hass=\\"[object Object]\\">
        <hui-generic-entity-row config=\\"[object Object]\\" no-secondary=\\"\\">
          <state-badge _showIcon=\\"true\\" class=\\"pointer\\" stateObj=\\"[object Object]\\" tabindex=\\"0\\">
            <ha-icon data-state=\\"active\\" icon=\\"hass:timer-outline\\">…</ha-icon>
          </state-badge>
          <div class=\\"info pointer text-content\\">
            test2
          </div>
          <slot></slot>
          <div class=\\"bar-container\\">
            <div class=\\"bar\\">
              <div>
              </div>
            </div>
          </div>
          <div class=\\"text-content\\">
            1:59
          </div>
        </hui-generic-entity-row>
      </timer-bar-entity-row>
      <timer-bar-entity-row config=\\"[object Object]\\" hass=\\"[object Object]\\">
        <hui-generic-entity-row config=\\"[object Object]\\" no-secondary=\\"\\">
          <state-badge _showIcon=\\"true\\" class=\\"pointer\\" stateObj=\\"[object Object]\\" tabindex=\\"0\\">
            <ha-icon data-state=\\"idle\\" icon=\\"hass:timer-outline\\">…</ha-icon>
          </state-badge>
          <div class=\\"info pointer text-content\\">
            test3
          </div>
          <slot></slot>
          <div class=\\"text-content\\">
            Idle
          </div>
        </hui-generic-entity-row>
      </timer-bar-entity-row>
    </div>
  </ha-card>
</timer-bar-card>
"
`;

exports[`Entity Row Styles: idle 1`] = `
"<timer-bar-card hass=\\"[object Object]\\">
  <timer-bar-entity-row config=\\"[object Object]\\" hass=\\"[object Object]\\">
    <hui-generic-entity-row config=\\"[object Object]\\" no-secondary=\\"\\">
      <state-badge _showIcon=\\"true\\" class=\\"pointer\\" stateObj=\\"[object Object]\\" tabindex=\\"0\\">
        <ha-icon data-state=\\"idle\\" icon=\\"hass:timer-outline\\">…</ha-icon>
      </state-badge>
      <div class=\\"info pointer text-content\\">
        test1
      </div>
      <slot></slot>
      <div class=\\"text-content\\">
        Idle
      </div>
    </hui-generic-entity-row>
  </timer-bar-entity-row>
</timer-bar-card>
"
`;

exports[`Entity Row Styles: paused 1`] = `
"<timer-bar-card hass=\\"[object Object]\\">
  <timer-bar-entity-row config=\\"[object Object]\\" hass=\\"[object Object]\\">
    <hui-generic-entity-row config=\\"[object Object]\\" no-secondary=\\"\\">
      <state-badge _showIcon=\\"true\\" class=\\"pointer\\" stateObj=\\"[object Object]\\" tabindex=\\"0\\">
        <ha-icon data-state=\\"paused\\" icon=\\"hass:timer-outline\\">…</ha-icon>
      </state-badge>
      <div class=\\"info pointer text-content\\">
        test1
      </div>
      <slot></slot>
      <div class=\\"status\\">
        Paused
      </div>
      <div class=\\"text-content\\">
        58
      </div>
    </hui-generic-entity-row>
  </timer-bar-entity-row>
</timer-bar-card>
"
`;

exports[`Entity Row Styles: running 1`] = `
"<timer-bar-card hass=\\"[object Object]\\">
  <timer-bar-entity-row config=\\"[object Object]\\" hass=\\"[object Object]\\">
    <hui-generic-entity-row config=\\"[object Object]\\" no-secondary=\\"\\">
      <state-badge _showIcon=\\"true\\" class=\\"pointer\\" stateObj=\\"[object Object]\\" tabindex=\\"0\\">
        <ha-icon data-state=\\"active\\" icon=\\"hass:timer-outline\\">…</ha-icon>
      </state-badge>
      <div class=\\"info pointer text-content\\">
        test1
      </div>
      <slot></slot>
      <div class=\\"bar-container\\">
        <div class=\\"bar\\">
          <div>
          </div>
        </div>
      </div>
      <div class=\\"text-content\\">
        59
      </div>
    </hui-generic-entity-row>
  </timer-bar-entity-row>
</timer-bar-card>
"
`;
